###############################################################################
#
# IAR ELF Linker V7.40.1.8447/W32 for ARM                 01/Dec/2017  16:25:47
# Copyright 2007-2015 IAR Systems AB.
#
#    Output file  =  
#        F:\研究生\咖盟\AMP\prj\ZGHCodev1.1\Prj\IAR\FX15_Debug\Exe\vcan_Kinetis.out
#    Map file     =  
#        F:\研究生\咖盟\AMP\prj\ZGHCodev1.1\Prj\IAR\FX15_Debug\List\vcan_Kinetis.map
#    Command line =  
#        F:\研究生\咖盟\AMP\prj\ZGHCodev1.1\Prj\IAR\FX15_Debug\Obj\main.o
#        F:\研究生\咖盟\AMP\prj\ZGHCodev1.1\Prj\IAR\FX15_Debug\Obj\misc.o
#        F:\研究生\咖盟\AMP\prj\ZGHCodev1.1\Prj\IAR\FX15_Debug\Obj\MK60_conf.o
#        F:\研究生\咖盟\AMP\prj\ZGHCodev1.1\Prj\IAR\FX15_Debug\Obj\MK60_DWT.o
#        F:\研究生\咖盟\AMP\prj\ZGHCodev1.1\Prj\IAR\FX15_Debug\Obj\MK60_flash.o
#        F:\研究生\咖盟\AMP\prj\ZGHCodev1.1\Prj\IAR\FX15_Debug\Obj\MK60_ftm.o
#        F:\研究生\咖盟\AMP\prj\ZGHCodev1.1\Prj\IAR\FX15_Debug\Obj\MK60_gpio.o
#        F:\研究生\咖盟\AMP\prj\ZGHCodev1.1\Prj\IAR\FX15_Debug\Obj\MK60_i2c.o
#        F:\研究生\咖盟\AMP\prj\ZGHCodev1.1\Prj\IAR\FX15_Debug\Obj\MK60_it.o
#        F:\研究生\咖盟\AMP\prj\ZGHCodev1.1\Prj\IAR\FX15_Debug\Obj\MK60_lptmr.o
#        F:\研究生\咖盟\AMP\prj\ZGHCodev1.1\Prj\IAR\FX15_Debug\Obj\MK60_mcg.o
#        F:\研究生\咖盟\AMP\prj\ZGHCodev1.1\Prj\IAR\FX15_Debug\Obj\MK60_PIT.o
#        F:\研究生\咖盟\AMP\prj\ZGHCodev1.1\Prj\IAR\FX15_Debug\Obj\MK60_port.o
#        F:\研究生\咖盟\AMP\prj\ZGHCodev1.1\Prj\IAR\FX15_Debug\Obj\MK60_spi.o
#        F:\研究生\咖盟\AMP\prj\ZGHCodev1.1\Prj\IAR\FX15_Debug\Obj\MK60_SysTick.o
#        F:\研究生\咖盟\AMP\prj\ZGHCodev1.1\Prj\IAR\FX15_Debug\Obj\MK60_uart.o
#        F:\研究生\咖盟\AMP\prj\ZGHCodev1.1\Prj\IAR\FX15_Debug\Obj\MK60_wdog.o
#        F:\研究生\咖盟\AMP\prj\ZGHCodev1.1\Prj\IAR\FX15_Debug\Obj\startup_MK60DZ10.o
#        F:\研究生\咖盟\AMP\prj\ZGHCodev1.1\Prj\IAR\FX15_Debug\Obj\system_MK60DZ10.o
#        F:\研究生\咖盟\AMP\prj\ZGHCodev1.1\Prj\IAR\FX15_Debug\Obj\VCAN_key.o
#        F:\研究生\咖盟\AMP\prj\ZGHCodev1.1\Prj\IAR\FX15_Debug\Obj\VCAN_LED.o
#        F:\研究生\咖盟\AMP\prj\ZGHCodev1.1\Prj\IAR\FX15_Debug\Obj\VCAN_MMA7455.o
#        F:\研究生\咖盟\AMP\prj\ZGHCodev1.1\Prj\IAR\FX15_Debug\Obj\VCAN_NRF24L0.o
#        F:\研究生\咖盟\AMP\prj\ZGHCodev1.1\Prj\IAR\FX15_Debug\Obj\vectors.o
#        --redirect _Printf=_PrintfLargeNoMb --redirect _Scanf=_ScanfLargeNoMb
#        -o
#        F:\研究生\咖盟\AMP\prj\ZGHCodev1.1\Prj\IAR\FX15_Debug\Exe\vcan_Kinetis.out
#        --map
#        F:\研究生\咖盟\AMP\prj\ZGHCodev1.1\Prj\IAR\FX15_Debug\List\vcan_Kinetis.map
#        --config "F:\研究生\咖盟\AMP\prj\ZGHCodev1.1\Prj\IAR\config
#        files\vcan_ROM_K60X512.icf"
#        F:\研究生\咖盟\AMP\prj\ZGHCodev1.1\Prj\IAR\..\..\Lib\CMSIS\iar_cortexM4l_math.a
#        --entry __iar_program_start --redirect __write=__write_buffered --vfe
#
###############################################################################

*******************************************************************************
*** RUNTIME MODEL ATTRIBUTES
***

CppFlavor       = *
__SystemLibrary = DLib


*******************************************************************************
*** PLACEMENT SUMMARY
***

"A1":  place at 0x00000000 { ro section .intvec };
"A2":  place at 0x00000410 { ro section .noinit };
"P1":  place in [from 0x00000000 to 0x00080000] |
                [from 0x10000000 to 0x1007ffff] { ro, block CodeRelocate };
"P2":  place in [from 0x1fff0410 to 0x20010000] {
          rw, block CodeRelocateRam, block CSTACK, block HEAP };

  Section              Kind        Address    Size  Object
  -------              ----        -------    ----  ------
"A1":                                        0x410
  .intvec              const    0x00000000   0x410  vectors.o [1]
                              - 0x00000410   0x410

"A2":                                          0x8
  .noinit              ro code  0x00000410     0x8  startup_MK60DZ10.o [1]
                              - 0x00000418     0x8

"P1":                                       0x3718
  .text                ro code  0x00000418   0xbf6  xprintflarge_nomb.o [3]
  .text                ro code  0x0000100e    0x22  zero_init3.o [5]
  .text                ro code  0x00001030    0x16  strchr.o [5]
  .text                ro code  0x00001048    0x36  strlen.o [5]
  .text                ro code  0x00001080    0x58  memchr.o [5]
  .text                ro code  0x000010d8    0xee  I64DivMod.o [5]
  .text                ro code  0x000011c8    0x76  ABImemcpy_unaligned.o [5]
  .text                ro code  0x0000123e    0x42  xdnorm.o [4]
  .text                ro code  0x00001280    0x2e  DblCmpLe.o [4]
  .text                ro code  0x000012b0   0x1a2  DblMul.o [4]
  .text                ro code  0x00001454   0x256  DblDiv.o [4]
  .text                ro code  0x000016ac    0x2c  DblToI32.o [4]
  .text                ro code  0x000016d8    0x1c  I32ToDbl.o [4]
  .text                ro code  0x000016f4   0x180  DblSub.o [4]
  .text                ro code  0x00001874    0x6c  localeconv.o [3]
  .text                ro code  0x000018e0     0xe  div.o [3]
  .text                ro code  0x000018f0     0x2  I64DivZer.o [5]
  .text                ro code  0x000018f4    0xd4  DblAdd.o [4]
  .text                ro code  0x000019c8     0x2  xtls.o [3]
  .data_init                    0x000019cc   0x800  <Block>
    Initializer bytes  const    0x000019cc   0x800  <for .data-1>
  .text                ro code  0x000021cc   0x554  MK60_ftm.o [1]
  .text                ro code  0x00002720    0xb0  MK60_port.o [1]
  Veneer               ro code  0x000027d0     0x8  - Linker created -
  Veneer               ro code  0x000027d8     0x8  - Linker created -
  .text                ro code  0x000027e0   0x140  MK60_conf.o [1]
  .text                ro code  0x00002920    0xac  VCAN_LED.o [1]
  .text                ro code  0x000029cc    0x24  printf.o [3]
  .text                ro code  0x000029f0    0x64  MK60_SysTick.o [1]
  .text                ro code  0x00002a54   0x268  MK60_uart.o [1]
  .text                ro code  0x00002cbc    0x9c  VCAN_key.o [1]
  .text                ro code  0x00002d58   0x1a4  MK60_gpio.o [1]
  Veneer               ro code  0x00002efc     0x8  - Linker created -
  .text                ro code  0x00002f04   0x3b8  MK60_mcg.o [1]
  CodeRelocate                  0x000032bc   0x1f0  <Block>
    Initializer bytes  const    0x000032bc   0x1f0  <for CodeRelocateRam-1>
  .text                ro code  0x000034ac   0x164  main.o [1]
  .text                ro code  0x00003610    0x50  misc.o [1]
  .text                ro code  0x00003660   0x130  system_MK60DZ10.o [1]
  .text                ro code  0x00003790    0x40  MK60_wdog.o [1]
  .rodata              const    0x000037d0    0x3c  MK60_conf.o [1]
  .rodata              const    0x0000380c    0x3c  MK60_flash.o [1]
  .rodata              const    0x00003848    0x3c  MK60_SysTick.o [1]
  .rodata              const    0x00003884    0x38  MK60_ftm.o [1]
  .rodata              const    0x000038bc    0x38  MK60_gpio.o [1]
  .rodata              const    0x000038f4    0x38  MK60_uart.o [1]
  .rodata              const    0x0000392c    0x34  misc.o [1]
  .text                ro code  0x00003960    0x28  data_init.o [5]
  .rodata              const    0x00003988    0x24  MK60_conf.o [1]
  .text                ro code  0x000039ac    0x22  fpinit_M.o [4]
  .iar.init_table      const    0x000039d0    0x10  - Linker created -
  .rodata              const    0x000039e0    0x20  MK60_conf.o [1]
  .text                ro code  0x00003a00    0x1a  cmain.o [5]
  .text                ro code  0x00003a1a     0x4  low_level_init.o [3]
  .text                ro code  0x00003a1e     0x4  exit.o [3]
  .text                ro code  0x00003a24     0xa  cexit.o [5]
  .text                ro code  0x00003a30     0xc  XXexit.o [5]
  .text                ro code  0x00003a3c    0x16  xprout.o [3]
  .text                ro code  0x00003a54     0xc  putchar.o [3]
  .rodata              const    0x00003a60    0x14  main.o [1]
  .rodata              const    0x00003a74    0x14  MK60_conf.o [1]
  .rodata              const    0x00003a88     0xc  main.o [1]
  .text                ro code  0x00003a94     0xc  cstartup_M.o [5]
  .rodata              const    0x00003aa0     0x8  main.o [1]
  .rodata              const    0x00003aa8     0x0  zero_init3.o [5]
  Initializer bytes    const    0x00003aa8    0x88  <for P2 s0>
                              - 0x00003b30  0x3718

"P2":                                        0xadc
  .data                         0x1fff0410   0x800  <Block>
    .data-1                     0x1fff0410   0x800  <Init block>
      .data            inited   0x1fff0410   0x708  MK60_conf.o [1]
      .data            inited   0x1fff0b18    0x10  MK60_ftm.o [1]
      .data            inited   0x1fff0b28    0x14  MK60_gpio.o [1]
      .data            inited   0x1fff0b3c    0x58  MK60_mcg.o [1]
      .data            inited   0x1fff0b94     0x4  MK60_mcg.o [1]
      .data            inited   0x1fff0b98    0x14  MK60_port.o [1]
      .data            inited   0x1fff0bac    0x18  MK60_uart.o [1]
      .data            inited   0x1fff0bc4     0x8  VCAN_key.o [1]
      .data            inited   0x1fff0bcc     0x4  VCAN_LED.o [1]
      .data            inited   0x1fff0bd0    0x40  xfiles.o [3]
  CodeRelocateRam               0x1fff0c10   0x1f0  <Block>
    CodeRelocateRam-1           0x1fff0c10   0x1f0  <Init block>
      Veneer           inited   0x1fff0c10     0x8  - Linker created -
      Veneer           inited   0x1fff0c18     0x8  - Linker created -
      .textrw          inited   0x1fff0c20   0x190  MK60_flash.o [1]
      .textrw          inited   0x1fff0db0    0x50  MK60_mcg.o [1]
  .bss                          0x1fff0e00    0x64  <Block>
    .bss               zero     0x1fff0e00     0x4  main.o [1]
    .bss               zero     0x1fff0e04     0x4  system_MK60DZ10.o [1]
    .bss               zero     0x1fff0e08     0x4  system_MK60DZ10.o [1]
    .bss               zero     0x1fff0e0c     0x4  system_MK60DZ10.o [1]
    .bss               zero     0x1fff0e10    0x50  xfiles.o [3]
    .bss               zero     0x1fff0e60     0x1  main.o [1]
  P2 s0                         0x1fff0e64    0x88  <Init block>
    __DLIB_PERTHREAD   inited   0x1fff0e64    0x88  localeconv.o [3]
                              - 0x1fff0eec   0xadc


*******************************************************************************
*** INIT TABLE
***

          Address     Size
          -------     ----
Zero (__iar_zero_init3)
    1 destination range, total size 0x61:
          0x1fff0e00  0x61



*******************************************************************************
*** MODULE SUMMARY
***

    Module                 ro code  rw code  ro data  rw data
    ------                 -------  -------  -------  -------
F:\研究生\咖盟\AMP\prj\ZGHCodev1.1\Prj\IAR\FX15_Debug\Obj: [1]
    MK60_SysTick.o             100                60
    MK60_conf.o                320             1 948    1 800
    MK60_flash.o                        400      460
    MK60_ftm.o               1 364                72       16
    MK60_gpio.o                420                76       20
    MK60_mcg.o                 952       80      172       92
    MK60_port.o                176                20       20
    MK60_uart.o                616                80       24
    MK60_wdog.o                 64
    VCAN_LED.o                 172                 4        4
    VCAN_key.o                 156                 8        8
    main.o                     356                40        5
    misc.o                      80                52
    startup_MK60DZ10.o           8
    system_MK60DZ10.o          304                         12
    vectors.o                                  1 040
    ---------------------------------------------------------
    Total:                   5 088      480    4 032    2 001

command line: [2]
    ---------------------------------------------------------
    Total:

dl7M_tlf.a: [3]
    div.o                       14
    exit.o                       4
    localeconv.o               108               136      136
    low_level_init.o             4
    printf.o                    36
    putchar.o                   12
    xfiles.o                                      64      144
    xprintflarge_nomb.o      3 062
    xprout.o                    22
    xtls.o                       2
    ---------------------------------------------------------
    Total:                   3 264               200      280

m7M_tls.a: [4]
    DblAdd.o                   212
    DblCmpLe.o                  46
    DblDiv.o                   598
    DblMul.o                   418
    DblSub.o                   384
    DblToI32.o                  44
    I32ToDbl.o                  28
    fpinit_M.o                  34
    xdnorm.o                    66
    ---------------------------------------------------------
    Total:                   1 830

rt7M_tl.a: [5]
    ABImemcpy_unaligned.o      118
    I64DivMod.o                238
    I64DivZer.o                  2
    XXexit.o                    12
    cexit.o                     10
    cmain.o                     26
    cstartup_M.o                12
    data_init.o                 40
    memchr.o                    88
    strchr.o                    22
    strlen.o                    54
    zero_init3.o                34
    ---------------------------------------------------------
    Total:                     656

    Gaps                        22                 2
    Linker created              24       16       32
-------------------------------------------------------------
    Grand Total:            10 884      496    4 266    2 281


*******************************************************************************
*** ENTRY LIST
***

Entry                      Address   Size  Type      Object
-----                      -------   ----  ----      ------
.bss$$Base              0x1fff0e00          --   Gb  - Linker created -
.bss$$Limit             0x1fff0e64          --   Gb  - Linker created -
.data$$Base             0x1fff0410          --   Gb  - Linker created -
.data$$Limit            0x1fff0c10          --   Gb  - Linker created -
.data_init$$Base        0x000019cc          --   Gb  - Linker created -
.data_init$$Limit       0x000021cc          --   Gb  - Linker created -
.iar.init_table$$Base   0x000039d0          --   Gb  - Linker created -
.iar.init_table$$Limit  0x000039e0          --   Gb  - Linker created -
?main                   0x00003a01         Code  Gb  cmain.o [5]
ASSERT_FAILED_STR       0x00003988   0x24  Data  Gb  MK60_conf.o [1]
CodeRelocate$$Base      0x000032bc          --   Gb  - Linker created -
CodeRelocate$$Limit     0x000034ac          --   Gb  - Linker created -
CodeRelocateRam$$Base   0x1fff0c10          --   Gb  - Linker created -
CodeRelocateRam$$Limit  0x1fff0e00          --   Gb  - Linker created -
FTM0_INPUT_IRQHandler   0x00003589   0x62  Code  Gb  main.o [1]
FTMN                    0x1fff0b18   0x10  Data  Gb  MK60_ftm.o [1]
FTM_port_mux            0x000021cd  0x1ac  Code  Lc  MK60_ftm.o [1]
GPIOX                   0x1fff0b28   0x14  Data  Gb  MK60_gpio.o [1]
KEY_PTxn                0x1fff0bc4    0x8  Data  Gb  VCAN_key.o [1]
LED_PTxn                0x1fff0bcc    0x4  Data  Gb  VCAN_LED.o [1]
LoadInt                 0x00000999   0x6e  Code  Lc  xprintflarge_nomb.o [3]
NVIC_EnableIRQ          0x000034ad   0x14  Code  Lc  main.o [1]
NVIC_SystemReset        0x000027e1   0x1a  Code  Lc  MK60_conf.o [1]
PORTX                   0x1fff0b98   0x14  Data  Gb  MK60_port.o [1]
Region$$Table$$Base     0x000039d0          --   Gb  - Linker created -
Region$$Table$$Limit    0x000039e0          --   Gb  - Linker created -
Reset_Handler           0x00000411         Code  Gb  startup_MK60DZ10.o [1]
UARTN                   0x1fff0bac   0x18  Data  Gb  MK60_uart.o [1]
_GenldLargeNoMb         0x00000d8d  0x238  Code  Lc  xprintflarge_nomb.o [3]
_LdtobLargeNoMb         0x00000b0d  0x27a  Code  Lc  xprintflarge_nomb.o [3]
_LitobLargeNoMb         0x00000a07  0x106  Code  Lc  xprintflarge_nomb.o [3]
_Locale_aeabi_lconv     0x1fff0eb4   0x38  Data  Gb  localeconv.o [3]
_Locale_lconv           0x1fff0e64   0x50  Data  Gb  localeconv.o [3]
_PrintfLargeNoMb        0x00000419  0x57a  Code  Gb  xprintflarge_nomb.o [3]
_Prout                  0x00003a3d   0x16  Code  Gb  xprout.o [3]
_PutcharsLargeNoMb      0x00000fc5   0x2e  Code  Lc  xprintflarge_nomb.o [3]
__BOOT_STACK_ADDRESS {Abs}
                        0x2000fff8          --   Gb  command line/config [2]
__VECTOR_RAM {Abs}      0x1fff0000          --   Gb  command line/config [2]
__VECTOR_TABLE {Abs}    0x00000000          --   Gb  command line/config [2]
__aeabi_cdcmple         0x00001281         Code  Gb  DblCmpLe.o [4]
__aeabi_d2uiz           0x000016ad         Code  Gb  DblToI32.o [4]
__aeabi_ddiv            0x00001455         Code  Gb  DblDiv.o [4]
__aeabi_dmul            0x000012b1         Code  Gb  DblMul.o [4]
__aeabi_dsub            0x000016f5         Code  Gb  DblSub.o [4]
__aeabi_ldiv0           0x000018f1         Code  Gb  I64DivZer.o [5]
__aeabi_ui2d            0x000016d9         Code  Gb  I32ToDbl.o [4]
__aeabi_uldivmod        0x000010d9         Code  Gb  I64DivMod.o [5]
__cmain                 0x00003a01         Code  Gb  cmain.o [5]
__code_start__ {Abs}    0x00000410          --   Gb  command line/config [2]
__exit                  0x00003a31         Code  Gb  XXexit.o [5]
__iar_Dnorm             0x0000123f   0x42  Code  Gb  xdnorm.o [4]
__iar_Locale_lconv_init
                        0x00001875   0x3a  Code  Gb  localeconv.o [3]
__iar_Memchr            0x00001081         Code  Gb  memchr.o [5]
__iar_Stdout            0x1fff0bd0   0x40  Data  Gb  xfiles.o [3]
__iar_Strchr            0x00001031         Code  Gb  strchr.o [5]
__iar_d2uiz             0x000016b9         Code  Gb  DblToI32.o [4]
__iar_dadd              0x000018f5         Code  Gb  DblAdd.o [4]
__iar_data_init3        0x00003961   0x28  Code  Gb  data_init.o [5]
__iar_dlib_perthread_access
                        0x000019c9    0x2  Code  Gb  xtls.o [3]
__iar_dsub              0x00001709         Code  Gb  DblSub.o [4]
__iar_dsubStart         0x0000171b         Code  Gb  DblSub.o [4]
__iar_init_vfp          0x000039ad         Code  Gb  fpinit_M.o [4]
__iar_program_start     0x00003a95         Code  Gb  cstartup_M.o [5]
__iar_ui2d              0x000016dd         Code  Gb  I32ToDbl.o [4]
__iar_unaligned___aeabi_memcpy
                        0x000011c9         Code  Gb  ABImemcpy_unaligned.o [5]
__iar_unaligned___aeabi_memcpy4
                        0x000011e9         Code  Gb  ABImemcpy_unaligned.o [5]
__iar_unaligned___aeabi_memcpy8
                        0x000011e9         Code  Gb  ABImemcpy_unaligned.o [5]
__iar_zero_init3        0x0000100f   0x22  Code  Gb  zero_init3.o [5]
__low_level_init        0x00003a1b    0x4  Code  Gb  low_level_init.o [3]
__vector_table          0x00000000  0x410  Data  Gb  vectors.o [1]
_call_main              0x00003a0d         Code  Gb  cmain.o [5]
_exit                   0x00003a25         Code  Gb  cexit.o [5]
_main                   0x00003a17         Code  Gb  cmain.o [5]
assert_failed           0x000027fb   0x26  Code  Gb  MK60_conf.o [1]
bus_clk_khz             0x1fff0e0c    0x4  Data  Gb  system_MK60DZ10.o [1]
cnvtime                 0x1fff0e00    0x4  Data  Gb  main.o [1]
common_startup          0x000036bf   0x98  Code  Gb  system_MK60DZ10.o [1]
core_clk_khz            0x1fff0e04    0x4  Data  Gb  system_MK60DZ10.o [1]
core_clk_mhz            0x1fff0e08    0x4  Data  Gb  system_MK60DZ10.o [1]
default_isr             0x000028cf   0x30  Code  Gb  MK60_conf.o [1]
div                     0x000018e1    0xe  Code  Gb  div.o [3]
exit                    0x00003a1f    0x4  Code  Gb  exit.o [3]
flash_cmd               0x1fff0c21   0x20  Code  Gb  MK60_flash.o [1]
flash_erase_sector      0x1fff0c65   0x5c  Code  Gb  MK60_flash.o [1]
flash_init              0x1fff0c41   0x24  Code  Gb  MK60_flash.o [1]
flash_write             0x1fff0cc1   0xb4  Code  Gb  MK60_flash.o [1]
fputc                   0x00002821   0x14  Code  Gb  MK60_conf.o [1]
ftm_input_clean         0x000026e9   0x22  Code  Gb  MK60_ftm.o [1]
ftm_input_get           0x000026a7   0x42  Code  Gb  MK60_ftm.o [1]
ftm_input_init          0x00002515  0x192  Code  Gb  MK60_ftm.o [1]
ftm_pwm_init            0x00002379  0x19c  Code  Gb  MK60_ftm.o [1]
gpio_get                0x00002eb5   0x3e  Code  Gb  MK60_gpio.o [1]
gpio_init               0x00002d59   0xae  Code  Gb  MK60_gpio.o [1]
gpio_set                0x00002e07   0x74  Code  Gb  MK60_gpio.o [1]
gpio_turn               0x00002e7b   0x3a  Code  Gb  MK60_gpio.o [1]
key_check               0x00002d29   0x2a  Code  Gb  VCAN_key.o [1]
key_get                 0x00002d0f   0x1a  Code  Gb  VCAN_key.o [1]
key_init                0x00002cbd   0x52  Code  Gb  VCAN_key.o [1]
led                     0x0000295b   0x3c  Code  Gb  VCAN_LED.o [1]
led_init                0x00002921   0x3a  Code  Gb  VCAN_LED.o [1]
led_turn                0x00002997   0x32  Code  Gb  VCAN_LED.o [1]
localeconv              0x000018af   0x16  Code  Gb  localeconv.o [3]
main                    0x000034c1   0xc6  Code  Gb  main.o [1]
mcg_cfg                 0x1fff0b3c   0x58  Data  Gb  MK60_mcg.o [1]
mcg_div                 0x1fff0b94    0x4  Data  Gb  MK60_mcg.o [1]
mcg_div_count           0x00002f05  0x2e8  Code  Gb  MK60_mcg.o [1]
memchr                  0x00001081         Code  Gb  memchr.o [5]
obuf                    0x1fff0e10   0x50  Data  Lc  xfiles.o [3]
pll_init                0x000031ed   0xb2  Code  Gb  MK60_mcg.o [1]
port_init               0x00002721   0x44  Code  Gb  MK60_port.o [1]
port_init_NoALT         0x00002765   0x62  Code  Gb  MK60_port.o [1]
printf                  0x000029cd   0x24  Code  Gb  printf.o [3]
putchar                 0x00003a55    0xc  Code  Gb  putchar.o [3]
set_sys_dividers        0x1fff0db1   0x50  Code  Gb  MK60_mcg.o [1]
set_vector_handler      0x00003633   0x22  Code  Gb  misc.o [1]
start                   0x00003661   0x22  Code  Gb  system_MK60DZ10.o [1]
start_check             0x00002835   0x9a  Code  Gb  MK60_conf.o [1]
strchr                  0x00001031         Code  Gb  strchr.o [5]
strlen                  0x00001049         Code  Gb  strlen.o [5]
sysinit                 0x00003683   0x3c  Code  Gb  system_MK60DZ10.o [1]
systick_delay           0x000029f1   0x36  Code  Gb  MK60_SysTick.o [1]
systick_delay_ms        0x00002a27   0x18  Code  Gb  MK60_SysTick.o [1]
uart_init               0x00002a55  0x214  Code  Gb  MK60_uart.o [1]
uart_putchar            0x00002c69   0x1a  Code  Gb  MK60_uart.o [1]
uart_putstr             0x00002c83   0x20  Code  Gb  MK60_uart.o [1]
vector_str              0x1fff0410  0x708  Data  Gb  MK60_conf.o [1]
wdog_disable            0x00003791   0x16  Code  Gb  MK60_wdog.o [1]
wdog_unlock             0x000037a7   0x20  Code  Lc  MK60_wdog.o [1]
write_vtor              0x00003611   0x22  Code  Gb  misc.o [1]


[1] = F:\研究生\咖盟\AMP\prj\ZGHCodev1.1\Prj\IAR\FX15_Debug\Obj
[2] = command line
[3] = dl7M_tlf.a
[4] = m7M_tls.a
[5] = rt7M_tl.a

  10 884 bytes of readonly  code memory
     496 bytes of readwrite code memory
   4 266 bytes of readonly  data memory
   2 281 bytes of readwrite data memory

Errors: none
Warnings: none
